

              |\      _,,,--,,_
             /,`.-'`'   ._  \-;;,_
  _______ __|,4-  ) )_   .;.(__`'-'__     ___ __    _ ___ _______
 |       | '---''(_/._)-'(_\_)   |   |   |   |  |  | |   |       |
 |    _  |    ___|_     _|       |   |   |   |   |_| |   |       | __ _ _
 |   |_| |   |___  |   | |       |   |   |   |       |   |       | \ \ \ \
 |    ___|    ___| |   | |      _|   |___|   |  _    |   |      _|  \ \ \ \
 |   |   |   |___  |   | |     |_|       |   | | |   |   |     |_    ) ) ) )
 |___|   |_______| |___| |_______|_______|___|_|  |__|___|_______|  / / / /
 ==================================================================/_/_/_/

:: Built with Spring Boot :: 4.0.3


2026-06-16T16:06:35.492+05:30  INFO 87611 --- [           main] o.s.s.petclinic.PetClinicApplication     : Starting PetClinicApplication v4.0.0-SNAPSHOT using Java 17.0.18 with PID 87611 (/Users/rpavani/Desktop/monitoring/jmx/spring-petclinic-3.3.0.jar started by rpavani in /Users/rpavani/Desktop/monitoring/jmx)
2026-06-16T16:06:35.494+05:30  INFO 87611 --- [           main] o.s.s.petclinic.PetClinicApplication     : No active profile set, falling back to 1 default profile: "default"
2026-06-16T16:06:35.888+05:30  INFO 87611 --- [           main] .s.d.r.c.RepositoryConfigurationDelegate : Bootstrapping Spring Data JPA repositories in DEFAULT mode.
2026-06-16T16:06:35.910+05:30  INFO 87611 --- [           main] .s.d.r.c.RepositoryConfigurationDelegate : Finished Spring Data repository scanning in 17 ms. Found 3 JPA repository interfaces.
2026-06-16T16:06:36.163+05:30  INFO 87611 --- [           main] o.s.boot.tomcat.TomcatWebServer          : Tomcat initialized with port 8080 (http)
2026-06-16T16:06:36.169+05:30  INFO 87611 --- [           main] o.apache.catalina.core.StandardService   : Starting service [Tomcat]
2026-06-16T16:06:36.169+05:30  INFO 87611 --- [           main] o.apache.catalina.core.StandardEngine    : Starting Servlet engine: [Apache Tomcat/11.0.18]
2026-06-16T16:06:36.181+05:30  INFO 87611 --- [           main] b.w.c.s.WebApplicationContextInitializer : Root WebApplicationContext: initialization completed in 659 ms
2026-06-16T16:06:36.262+05:30  INFO 87611 --- [           main] com.zaxxer.hikari.HikariDataSource       : HikariPool-1 - Starting...
2026-06-16T16:06:36.334+05:30  INFO 87611 --- [           main] com.zaxxer.hikari.pool.HikariPool        : HikariPool-1 - Added connection conn0: url=jdbc:h2:mem:dd381bc9-dbcf-4f5d-a31a-9c0b27f19734 user=SA
2026-06-16T16:06:36.335+05:30  INFO 87611 --- [           main] com.zaxxer.hikari.HikariDataSource       : HikariPool-1 - Start completed.
2026-06-16T16:06:36.397+05:30  INFO 87611 --- [           main] org.hibernate.orm.jpa                    : HHH008540: Processing PersistenceUnitInfo [name: default]
2026-06-16T16:06:36.421+05:30  INFO 87611 --- [           main] org.hibernate.orm.core                   : HHH000001: Hibernate ORM core version 7.2.4.Final
2026-06-16T16:06:36.615+05:30  INFO 87611 --- [           main] o.s.o.j.p.SpringPersistenceUnitInfo      : No LoadTimeWeaver setup: ignoring JPA class transformer
2026-06-16T16:06:36.642+05:30  INFO 87611 --- [           main] org.hibernate.orm.connections.pooling    : HHH10001005: Database info:
	Database JDBC URL [jdbc:h2:mem:dd381bc9-dbcf-4f5d-a31a-9c0b27f19734]
	Database driver: H2 JDBC Driver
	Database dialect: H2Dialect
	Database version: 2.4.240
	Default catalog/schema: DD381BC9-DBCF-4F5D-A31A-9C0B27F19734/PUBLIC
	Autocommit mode: undefined/unknown
	Isolation level: READ_COMMITTED [default READ_COMMITTED]
	JDBC fetch size: 100
	Pool: DataSourceConnectionProvider
	Minimum pool size: undefined/unknown
	Maximum pool size: undefined/unknown
2026-06-16T16:06:37.012+05:30  INFO 87611 --- [           main] org.hibernate.orm.core                   : HHH000489: No JTA platform available (set 'hibernate.transaction.jta.platform' to enable JTA platform integration)
2026-06-16T16:06:37.014+05:30  INFO 87611 --- [           main] j.LocalContainerEntityManagerFactoryBean : Initialized JPA EntityManagerFactory for persistence unit 'default'
2026-06-16T16:06:37.049+05:30  INFO 87611 --- [           main] o.s.d.j.r.query.QueryEnhancerFactories   : Hibernate is in classpath; If applicable, HQL parser will be used.
2026-06-16T16:06:37.464+05:30  INFO 87611 --- [           main] o.s.b.a.e.web.EndpointLinksResolver      : Exposing 13 endpoints beneath base path '/actuator'
2026-06-16T16:06:37.508+05:30  INFO 87611 --- [           main] o.s.boot.tomcat.TomcatWebServer          : Tomcat started on port 8080 (http) with context path '/'
2026-06-16T16:06:37.512+05:30  INFO 87611 --- [           main] o.s.s.petclinic.PetClinicApplication     : Started PetClinicApplication in 2.197 seconds (process running for 2.53)
2026-06-16T16:06:52.921+05:30  INFO 87611 --- [nio-8080-exec-1] o.a.c.c.C.[Tomcat].[localhost].[/]       : Initializing Spring DispatcherServlet 'dispatcherServlet'
2026-06-16T16:06:52.921+05:30  INFO 87611 --- [nio-8080-exec-1] o.s.web.servlet.DispatcherServlet        : Initializing Servlet 'dispatcherServlet'
2026-06-16T16:06:52.922+05:30  INFO 87611 --- [nio-8080-exec-1] o.s.web.servlet.DispatcherServlet        : Completed initialization in 1 ms
2026-06-16T16:08:43.125+05:30  INFO 87611 --- [ionShutdownHook] o.s.boot.tomcat.GracefulShutdown         : Commencing graceful shutdown. Waiting for active requests to complete
2026-06-16T16:08:43.144+05:30  INFO 87611 --- [tomcat-shutdown] o.s.boot.tomcat.GracefulShutdown         : Graceful shutdown complete
2026-06-16T16:08:43.149+05:30  INFO 87611 --- [ionShutdownHook] j.LocalContainerEntityManagerFactoryBean : Closing JPA EntityManagerFactory for persistence unit 'default'
2026-06-16T16:08:43.151+05:30  INFO 87611 --- [ionShutdownHook] com.zaxxer.hikari.HikariDataSource       : HikariPool-1 - Shutdown initiated...
2026-06-16T16:08:43.152+05:30  INFO 87611 --- [ionShutdownHook] com.zaxxer.hikari.HikariDataSource       : HikariPool-1 - Shutdown completed.
